
> coba-app@0.1.0 dev
> next dev

   ▲ Next.js 15.5.2
   - Local:        http://localhost:3000
   - Network:      http://192.168.0.2:3000

 ✓ Starting...
Attention: Next.js now collects completely anonymous telemetry regarding usage.
This information is used to shape Next.js' roadmap and prioritize features.
You can learn more, including how to opt-out if you'd not like to participate in this anonymous program, by visiting the following URL:
https://nextjs.org/telemetry

 ✓ Ready in 2.8s
 ○ Compiling /middleware ...
 ✓ Compiled /middleware in 1202ms (185 modules)
 ○ Compiling /login ...
 ✓ Compiled /login in 9.3s (921 modules)
 GET /login 200 in 11105ms
 GET /login 200 in 168ms
 ○ Compiling /api/login ...
 ✓ Compiled /api/login in 1485ms (1014 modules)
JWT_SECRET_KEY is not set in environment variables.
 POST /api/login 500 in 1744ms
 GET /login 200 in 498ms
 GET /login 200 in 499ms
 GET /login 200 in 110ms
 GET /login 200 in 109ms
 GET /login 200 in 140ms
 GET /login 200 in 176ms
 GET /login 200 in 128ms
 GET /login 200 in 108ms
 GET /login 200 in 101ms
 ✓ Compiled in 595ms (385 modules)
 GET /login 200 in 116ms
 GET /login 200 in 141ms
 POST /api/login 401 in 50ms
 GET /login 200 in 106ms
 GET /login 200 in 108ms
 GET /login 200 in 107ms
 GET /login 200 in 173ms
 GET /login 200 in 159ms
 GET /login 200 in 149ms
JWT_SECRET_KEY is not set in environment variables.
 POST /api/login 500 in 48ms
 GET /login 200 in 110ms
 GET /login 200 in 137ms
 GET /login 200 in 96ms
 GET /login 200 in 151ms
 GET /login 200 in 108ms
 GET /login 200 in 100ms
 GET /login 200 in 96ms
 GET /login 200 in 97ms
 ✓ Compiled in 760ms (385 modules)
 GET /login 200 in 110ms
 GET /login 200 in 145ms
 POST /api/login 401 in 40ms
 GET /login 200 in 103ms
 GET /login 200 in 99ms
 GET /login 200 in 103ms
 GET /login 200 in 150ms
 ✓ Compiled in 577ms (385 modules)
 ✓ Compiled in 963ms (1092 modules)
 ✓ Compiled in 480ms (385 modules)
 ✓ Compiled in 609ms (1092 modules)
 ✓ Compiled in 392ms (385 modules)
 ✓ Compiled in 663ms (1092 modules)
 ✓ Compiled in 408ms (385 modules)
 ✓ Compiled in 615ms (1092 modules)
 ✓ Compiled in 684ms (570 modules)
 ✓ Compiled in 408ms (385 modules)
 ○ Compiling /verification/admin/langganan ...
 ⨯ ./src/app/(public-verification)/verification/admin/langganan/page.tsx:2:1
Module not found: Can't resolve '../../../src/app/admin/langganan/page'
  1 | "use client";
> 2 | import AdminLanggananPage from "../../../src/app/admin/langganan/page";
    | ^
  3 | export default function Page() { return <AdminLanggananPage />; }

https://nextjs.org/docs/messages/module-not-found
 ⨯ ./src/app/(public-verification)/verification/admin/langganan/page.tsx:2:1
Module not found: Can't resolve '../../../src/app/admin/langganan/page'
  1 | "use client";
> 2 | import AdminLanggananPage from "../../../src/app/admin/langganan/page";
    | ^
  3 | export default function Page() { return <AdminLanggananPage />; }

https://nextjs.org/docs/messages/module-not-found
 ⨯ ./src/app/(public-verification)/verification/admin/langganan/page.tsx:2:1
Module not found: Can't resolve '../../../src/app/admin/langganan/page'
  1 | "use client";
> 2 | import AdminLanggananPage from "../../../src/app/admin/langganan/page";
    | ^
  3 | export default function Page() { return <AdminLanggananPage />; }

https://nextjs.org/docs/messages/module-not-found
 GET /verification/admin/langganan 500 in 7782ms
 ⨯ ./src/app/(public-verification)/verification/admin-sekolah/dashboard/page.tsx:2:1
Module not found: Can't resolve '../../../../../src/app/admin-sekolah/dashboard/page'
  1 | "use client";
> 2 | import AdminSekolahDashboardPage from "../../../../../src/app/admin-sekolah/dashboard/page";
    | ^
  3 | export default function Page() { return <AdminSekolahDashboardPage />; }

https://nextjs.org/docs/messages/module-not-found
 ⨯ ./src/app/(public-verification)/verification/admin-sekolah/dashboard/page.tsx:2:1
Module not found: Can't resolve '../../../../../src/app/admin-sekolah/dashboard/page'
  1 | "use client";
> 2 | import AdminSekolahDashboardPage from "../../../../../src/app/admin-sekolah/dashboard/page";
    | ^
  3 | export default function Page() { return <AdminSekolahDashboardPage />; }

https://nextjs.org/docs/messages/module-not-found
 GET /verification/admin-sekolah/dashboard 500 in 1219ms
 ⨯ ./src/app/(public-verification)/verification/admin-sekolah/dashboard/page.tsx:2:1
Module not found: Can't resolve '../../../../../src/app/admin-sekolah/dashboard/page'
  1 | "use client";
> 2 | import AdminSekolahDashboardPage from "../../../../../src/app/admin-sekolah/dashboard/page";
    | ^
  3 | export default function Page() { return <AdminSekolahDashboardPage />; }

https://nextjs.org/docs/messages/module-not-found
 GET /verification/teacher/dashboard 500 in 915ms
 ⨯ ./src/app/(public-verification)/verification/admin-sekolah/dashboard/page.tsx:2:1
Module not found: Can't resolve '../../../../../src/app/admin-sekolah/dashboard/page'
  1 | "use client";
> 2 | import AdminSekolahDashboardPage from "../../../../../src/app/admin-sekolah/dashboard/page";
    | ^
  3 | export default function Page() { return <AdminSekolahDashboardPage />; }

https://nextjs.org/docs/messages/module-not-found
 GET /verification/kepala/dashboard 500 in 912ms
 ⨯ ./src/app/(public-verification)/verification/admin/langganan/page.tsx:2:1
Module not found: Can't resolve '../../../src/app/admin/langganan/page'
  1 | "use client";
> 2 | import AdminLanggananPage from "../../../src/app/admin/langganan/page";
    | ^
  3 | export default function Page() { return <AdminLanggananPage />; }

https://nextjs.org/docs/messages/module-not-found
 ⨯ ./src/app/(public-verification)/verification/admin/langganan/page.tsx:2:1
Module not found: Can't resolve '../../../src/app/admin/langganan/page'
  1 | "use client";
> 2 | import AdminLanggananPage from "../../../src/app/admin/langganan/page";
    | ^
  3 | export default function Page() { return <AdminLanggananPage />; }

https://nextjs.org/docs/messages/module-not-found
 HEAD /verification/admin/langganan 500 in 742ms
 ⨯ ./src/app/(public-verification)/verification/admin-sekolah/dashboard/page.tsx:2:1
Module not found: Can't resolve '../../../../../src/app/admin-sekolah/dashboard/page'
  1 | "use client";
> 2 | import AdminSekolahDashboardPage from "../../../../../src/app/admin-sekolah/dashboard/page";
    | ^
  3 | export default function Page() { return <AdminSekolahDashboardPage />; }

https://nextjs.org/docs/messages/module-not-found
 ⨯ ./src/app/(public-verification)/verification/admin-sekolah/dashboard/page.tsx:2:1
Module not found: Can't resolve '../../../../../admin-sekolah/dashboard/page'
  1 | "use client";
> 2 | import AdminSekolahDashboardPage from "../../../../../admin-sekolah/dashboard/page";
    | ^
  3 | export default function Page() { return <AdminSekolahDashboardPage />; }

https://nextjs.org/docs/messages/module-not-found
 ⨯ ./src/app/(public-verification)/verification/admin-sekolah/dashboard/page.tsx:2:1
Module not found: Can't resolve '../../../../../admin-sekolah/dashboard/page'
  1 | "use client";
> 2 | import AdminSekolahDashboardPage from "../../../../../admin-sekolah/dashboard/page";
    | ^
  3 | export default function Page() { return <AdminSekolahDashboardPage />; }

https://nextjs.org/docs/messages/module-not-found
 ⨯ ./src/app/(public-verification)/verification/admin-sekolah/dashboard/page.tsx:2:1
Module not found: Can't resolve '../../../../../admin-sekolah/dashboard/page'
  1 | "use client";
> 2 | import AdminSekolahDashboardPage from "../../../../../admin-sekolah/dashboard/page";
    | ^
  3 | export default function Page() { return <AdminSekolahDashboardPage />; }

https://nextjs.org/docs/messages/module-not-found
 GET /verification/admin/langganan 500 in 58ms
 ⨯ ./src/app/(public-verification)/verification/admin-sekolah/dashboard/page.tsx:2:1
Module not found: Can't resolve '../../../../../admin-sekolah/dashboard/page'
  1 | "use client";
> 2 | import AdminSekolahDashboardPage from "../../../../../admin-sekolah/dashboard/page";
    | ^
  3 | export default function Page() { return <AdminSekolahDashboardPage />; }

https://nextjs.org/docs/messages/module-not-found
 GET /verification/admin-sekolah/dashboard 500 in 607ms
 ⨯ ./src/app/(public-verification)/verification/admin-sekolah/dashboard/page.tsx:2:1
Module not found: Can't resolve '../../../../../admin-sekolah/dashboard/page'
  1 | "use client";
> 2 | import AdminSekolahDashboardPage from "../../../../../admin-sekolah/dashboard/page";
    | ^
  3 | export default function Page() { return <AdminSekolahDashboardPage />; }

https://nextjs.org/docs/messages/module-not-found
 GET /verification/teacher/dashboard 500 in 622ms
 ⨯ ./src/app/(public-verification)/verification/kepala/dashboard/page.tsx:2:1
Module not found: Can't resolve '../../../../../kepala/dashboard/page'
  1 | "use client";
> 2 | import KepalaDashboardPage from "../../../../../kepala/dashboard/page";
    | ^
  3 | export default function Page() { return <KepalaDashboardPage />; }

https://nextjs.org/docs/messages/module-not-found
 ⨯ ./src/app/(public-verification)/verification/kepala/dashboard/page.tsx:2:1
Module not found: Can't resolve '../../../../../kepala/dashboard/page'
  1 | "use client";
> 2 | import KepalaDashboardPage from "../../../../../kepala/dashboard/page";
    | ^
  3 | export default function Page() { return <KepalaDashboardPage />; }

https://nextjs.org/docs/messages/module-not-found
 GET /verification/kepala/dashboard 500 in 742ms
 ⨯ ./src/app/(public-verification)/verification/admin-sekolah/dashboard/page.tsx:2:1
Module not found: Can't resolve '../../../../../admin-sekolah/dashboard/page'
  1 | "use client";
> 2 | import AdminSekolahDashboardPage from "../../../../../admin-sekolah/dashboard/page";
    | ^
  3 | export default function Page() { return <AdminSekolahDashboardPage />; }

https://nextjs.org/docs/messages/module-not-found
 ⨯ ./src/app/(public-verification)/verification/kepala/dashboard/page.tsx:2:1
Module not found: Can't resolve '../../../../../kepala/dashboard/page'
  1 | "use client";
> 2 | import KepalaDashboardPage from "../../../../../kepala/dashboard/page";
    | ^
  3 | export default function Page() { return <KepalaDashboardPage />; }

https://nextjs.org/docs/messages/module-not-found
 ⨯ ./src/app/(public-verification)/verification/kepala/dashboard/page.tsx:2:1
Module not found: Can't resolve '../../../../../kepala/dashboard/page'
  1 | "use client";
> 2 | import KepalaDashboardPage from "../../../../../kepala/dashboard/page";
    | ^
  3 | export default function Page() { return <KepalaDashboardPage />; }

https://nextjs.org/docs/messages/module-not-found
 ✓ Compiled /_not-found in 1043ms (1826 modules)
 ○ Compiling /verification/admin/langganan ...
 ✓ Compiled /verification/admin/langganan in 3.8s (1277 modules)
The width(-1) and height(-1) of chart should be greater than 0,
       please check the style of container, or the props width(100%) and height(100%),
       or add a minWidth(0) or minHeight(undefined) or use aspect(undefined) to control the
       height and width.
 GET /verification/admin/langganan 200 in 5603ms
 GET /login 200 in 330ms
 ○ Compiling /verification/admin-sekolah/dashboard ...
 ✓ Compiled /verification/admin-sekolah/dashboard in 1148ms (2387 modules)
 GET /verification/admin-sekolah/dashboard 200 in 1209ms
 GET /login 200 in 234ms
 ○ Compiling /verification/teacher/dashboard ...
 ✓ Compiled /verification/teacher/dashboard in 1104ms (2394 modules)
 ⨯ ReferenceError: FiHome is not defined
    at ScheduleCard (src/app/components/admin/TeacherDashboard.tsx:127:50)
  125 |     <div className="flex items-center gap-3 mt-2 text-sm text-slate-500">
  126 |       <span className="flex items-center gap-1"><FiUsers className="w-4 h-4" /> {schedule.class}</span>
> 127 |       <span className="flex items-center gap-1"><FiHome className="w-4 h-4" /> {schedule.room}</span>
      |                                                  ^
  128 |     </div>
  129 |   </div>
  130 | ); {
  digest: '1243364902'
}
 GET /verification/teacher/dashboard 500 in 1482ms
 ○ Compiling /verification/kepala/dashboard ...
 ✓ Compiled /verification/kepala/dashboard in 1914ms (1291 modules)
The width(-1) and height(-1) of chart should be greater than 0,
       please check the style of container, or the props width(100%) and height(100%),
       or add a minWidth(0) or minHeight(undefined) or use aspect(undefined) to control the
       height and width.
The width(-1) and height(-1) of chart should be greater than 0,
       please check the style of container, or the props width(100%) and height(100%),
       or add a minWidth(0) or minHeight(undefined) or use aspect(undefined) to control the
       height and width.
 GET /verification/kepala/dashboard 200 in 2654ms
 GET /login 200 in 261ms
 ✓ Compiled in 854ms (1102 modules)
 ⨯ ReferenceError: FiHome is not defined
    at ScheduleCard (src/app/components/admin/TeacherDashboard.tsx:127:50)
  125 |     <div className="flex items-center gap-3 mt-2 text-sm text-slate-500">
  126 |       <span className="flex items-center gap-1"><FiUsers className="w-4 h-4" /> {schedule.class}</span>
> 127 |       <span className="flex items-center gap-1"><FiHome className="w-4 h-4" /> {schedule.room}</span>
      |                                                  ^
  128 |     </div>
  129 |   </div>
  130 | ); {
  digest: '1243364902'
}
 HEAD /verification/teacher/dashboard 500 in 192ms
 ✓ Compiled in 1755ms (2385 modules)
 ○ Compiling /verification/admin/langganan ...
 ✓ Compiled /verification/admin/langganan in 853ms (1292 modules)
The width(-1) and height(-1) of chart should be greater than 0,
       please check the style of container, or the props width(100%) and height(100%),
       or add a minWidth(0) or minHeight(undefined) or use aspect(undefined) to control the
       height and width.
 GET /verification/admin/langganan 200 in 1332ms
 GET /login 200 in 211ms
 ✓ Compiled /verification/admin-sekolah/dashboard in 907ms (2402 modules)
 GET /verification/admin-sekolah/dashboard 200 in 838ms
 GET /login 200 in 174ms
 ✓ Compiled in 600ms (1102 modules)
 GET /verification/teacher/dashboard 200 in 371ms
 GET /login 200 in 120ms
 ✓ Compiled in 557ms (1102 modules)
The width(-1) and height(-1) of chart should be greater than 0,
       please check the style of container, or the props width(100%) and height(100%),
       or add a minWidth(0) or minHeight(undefined) or use aspect(undefined) to control the
       height and width.
The width(-1) and height(-1) of chart should be greater than 0,
       please check the style of container, or the props width(100%) and height(100%),
       or add a minWidth(0) or minHeight(undefined) or use aspect(undefined) to control the
       height and width.
 GET /verification/kepala/dashboard 200 in 501ms
 GET /login 200 in 110ms
 ✓ Compiled in 566ms (1102 modules)
 ✓ Compiled in 1414ms (1432 modules)
 ✓ Compiled in 542ms (722 modules)
 ✓ Compiled in 449ms (537 modules)
